/usr/space/DebianSourceDVDISOs/package/cd5-0.1/cd5.c: 'GPL v2'-style
/usr/space/DebianSourceDVDISOs/package/timeoutd-1.5/timeoutd.c: GPL v2
/usr/space/DebianSourceDVDISOs/package/rawstudio-1.0/src/gtk-progress.c: GPL v2
/usr/space/DebianSourceDVDISOs/package/checkpolicy-2.0.16/queue.c: None
/usr/space/DebianSourceDVDISOs/package/libnfnetlink-0.0.39/src/rtnl.c: GPL v2
/usr/space/DebianSourceDVDISOs/package/ussp-push-0.9/obex_main.c: 'GPL v2'-style
/usr/space/DebianSourceDVDISOs/package/xmlrpc-epi-0.54/src/simplestring.c: None
/usr/space/DebianSourceDVDISOs/package/libytnef-1.5/ytnef.c: None
/usr/space/DebianSourceDVDISOs/package/catdvi-0.14/fixword.c: GPL v2
/usr/space/DebianSourceDVDISOs/package/libgnu-regexp-java-1.1.4/src/gnu/regexp/util/REApplet.java: GPL v2
/usr/space/DebianSourceDVDISOs/package/fenix-plugins-0.0.20070803/tcpsock-2.0/tcpsock.c: None
/usr/space/DebianSourceDVDISOs/package/epiphany-browser-2.22.3/embed/mozilla/AutoJSContextStack.cpp: LGPL, LGPL v2.1+
/usr/space/DebianSourceDVDISOs/package/netkit-ftp-0.17/ftp/glob.c: 'BSD UCRegents'-style
/usr/space/DebianSourceDVDISOs/package/k3b-1.0.5/libk3b/tools/k3bcutcombobox.cpp: GPL from FSF
/usr/space/DebianSourceDVDISOs/package/dvipdfmx-20080607/src/pngimage.c: 'GPL v2'-style
/usr/space/DebianSourceDVDISOs/package/med-fichier-2.3.1/src/ci/MEDchampCr.c: 'LGPL GNU C Library'-style
/usr/space/DebianSourceDVDISOs/package/pymad-0.5.4/src/madmodule.c: GPL v2+
/usr/space/DebianSourceDVDISOs/package/libquantum-0.2.4/shor.c: GPL, GPL v2+
/usr/space/DebianSourceDVDISOs/package/iml-1.0.2/examples/exam-nonsingsolv.c: 'INRIA-OSL'-style
/usr/space/DebianSourceDVDISOs/package/w3m-0.5.2/local.c: None
/usr/space/DebianSourceDVDISOs/package/isync-1.0.4/src/drv_maildir.c: 'GPL v2'-style
/usr/space/DebianSourceDVDISOs/package/francine-0.99.8orig/src/speech.c: None
/usr/space/DebianSourceDVDISOs/package/telepathy-glib-0.7.12/examples/cm/echo/conn.c: None
/usr/space/DebianSourceDVDISOs/package/quixote-2.5/quixote/html/_c_htmltext.c: None
/usr/space/DebianSourceDVDISOs/package/cl-readline-0.2.0/cl-readline.c: MIT Free with copyright clause
/usr/space/DebianSourceDVDISOs/package/pcsc-tools-1.4.14/pcsc_scan.c: 'GPL v2'-style
/usr/space/DebianSourceDVDISOs/package/librtfcomp-1.1/tests/tortf.c: LGPL
/usr/space/DebianSourceDVDISOs/package/latencytop-0.4/translate.c: GPL, GPL v2
/usr/space/DebianSourceDVDISOs/package/dbench-3.04/fileio.c: GPL v2
/usr/space/DebianSourceDVDISOs/package/fdupes-1.50-PR2/fdupes.c: MIT Free with copyright clause
/usr/space/DebianSourceDVDISOs/package/mp3wrap-0.5/wrap.c: 'LGPL v2.0'-style
/usr/space/DebianSourceDVDISOs/package/le-1.13.7/lib/poll.c: LGPL, LGPL v2+
/usr/space/DebianSourceDVDISOs/package/lockdev-1.0.3/src/lockdev.c: GPL, LGPL, LGPL v2.1
/usr/space/DebianSourceDVDISOs/package/gzrt-0.5/gzrecover.c: 'GPL v2'-style
/usr/space/DebianSourceDVDISOs/package/telak-0.5/telak.c: GPL v2
/usr/space/DebianSourceDVDISOs/package/lsdvd-0.16/ohuman.c: None
/usr/space/DebianSourceDVDISOs/package/imdbpy-3.6/imdb/parser/common/cutils.c: GPL
/usr/space/DebianSourceDVDISOs/package/libcmml-0.9.4/examples/cmml-seek-offset.c: 'Jython'-style
/usr/space/DebianSourceDVDISOs/package/ytalk-3.3.0/src/main.c: 'GPL v2'-style
/usr/space/DebianSourceDVDISOs/package/gtkcookie-0.4/gtkcookie.c: 'GPL v2'-style, Phrase
/usr/space/DebianSourceDVDISOs/package/xterm-235/charclass.c: None
/usr/space/DebianSourceDVDISOs/package/aolserver4-nsxml-1.5/nsxml.c: LGPL, LGPL v2+
/usr/space/DebianSourceDVDISOs/package/octave-octgpr-1.1.3/src/get_corrf.c: 'GPL v2'-style
/usr/space/DebianSourceDVDISOs/package/pentaho-reporting-flow-engine-0.9.2/source/org/jfree/report/util/ImageUtils.java: 'LGPL GNU C Library'-style
/usr/space/DebianSourceDVDISOs/package/fyre-1.0.1/src/explorer-about.c: 'GPL v2'-style
/usr/space/DebianSourceDVDISOs/package/mffm-timecode-1.6/X/masterCounterInterfaceTest.C: 'LGPL GNU C Library'-style
/usr/space/DebianSourceDVDISOs/package/copyfs-1.0.1/interface.c: GPL
/usr/space/DebianSourceDVDISOs/package/lightspeed-1.2a/intl/printf.c: LGPL, LGPL v2+
/usr/space/DebianSourceDVDISOs/package/m4-1.4.11/lib/asnprintf.c: GPL, GPL v3+
/usr/space/DebianSourceDVDISOs/package/libjboss-reflect-java-2.0.0~Beta12/src/tests/org/jboss/test/classinfo/support/ClassInfoGenericExtendsMapNotGeneric.java: LGPL, LGPL v2.1+
/usr/space/DebianSourceDVDISOs/package/rep-gtk-0.18.cvs20060518/gtk-compat.c: None
/usr/space/DebianSourceDVDISOs/package/transcalc-0.14/src/microstrip.c: 'GPL v2'-style
/usr/space/DebianSourceDVDISOs/package/tp-smapi-0.37/tp_smapi.c: 'GPL v2'-style
/usr/space/DebianSourceDVDISOs/package/kdebase-runtime-4.1.0/phonon/xine/net_buf_ctrl.c: 'GPL v2'-style
/usr/space/DebianSourceDVDISOs/package/macutils-2.0b3/macunpack/bits_be.c: None
/usr/space/DebianSourceDVDISOs/package/searchandrescue-0.8.2/sar/optionio.c: None
/usr/space/DebianSourceDVDISOs/package/sfind-1.2/libschily/getav0.c: None
/usr/space/DebianSourceDVDISOs/package/latex2rtf-1.9.19/vertical.c: 'GPL v2'-style
/usr/space/DebianSourceDVDISOs/package/libxdmcp-1.0.2/WA8.c: Open Group
/usr/space/DebianSourceDVDISOs/package/gob-1.0.12/src/lexer.c: 'GPL v2'-style
/usr/space/DebianSourceDVDISOs/package/gnusim8085-1.3.2/src/asm-source.c: GPL, GPL v2+
/usr/space/DebianSourceDVDISOs/package/libjgoodies-looks-java-2.1.4/src/core/com/jgoodies/looks/FontPolicies.java: 'INRIA-OSL'-style
/usr/space/DebianSourceDVDISOs/package/gozer-0.7.nofont.1/src/options.c: Phrase
/usr/space/DebianSourceDVDISOs/package/libcurses-perl-1.23/gen/make.CursesVar.c: Artistic License, GPL
/usr/space/DebianSourceDVDISOs/package/cl-uffi-1.6.1/examples/c-test-fns.c: None
/usr/space/DebianSourceDVDISOs/package/madbomber-0.2.5/madbomber.c: 'GPL v2'-style
/usr/space/DebianSourceDVDISOs/package/gnubg-0.90/non-src/external_y.c: 'GPL v2'-style, GPL, GPL v3+
/usr/space/DebianSourceDVDISOs/package/modello-1.0-alpha-8/modello-core/src/main/java/org/codehaus/modello/plugin/java/JavaAssociationMetadata.java: MIT Free with copyright clause
/usr/space/DebianSourceDVDISOs/package/sunflow-0.07.2.dfsg/src/org/sunflow/math/PerlinVector.java: None
/usr/space/DebianSourceDVDISOs/package/siege-2.66/src/http.c: GPL v2
/usr/space/DebianSourceDVDISOs/package/python-plwm-2.6a+20080530/plcm/trans_glx.c: None
/usr/space/DebianSourceDVDISOs/package/gnome-vfs-obexftp-0.4/osso-gwobex/test/cancel2.c: None
/usr/space/DebianSourceDVDISOs/package/micro-httpd-20051212/micro_httpd.c: 'Cryptix'-style
/usr/space/DebianSourceDVDISOs/package/strigi-0.5.11/src/streams/tests/FileInputStreamTest.cpp: LGPL, LGPL v2+
/usr/space/DebianSourceDVDISOs/package/libgconf-java-2.12.6/src/java/org/gnu/gconf/ConfClient.java: LGPL v2
/usr/space/DebianSourceDVDISOs/package/kaa-imlib2-0.2.3/src/image.c: 'LGPL v2.1'-style
/usr/space/DebianSourceDVDISOs/package/gman-0.9.3/taskfunc.c: None
/usr/space/DebianSourceDVDISOs/package/libmms-0.4/src/mms.c: 'GPL v2'-style
/usr/space/DebianSourceDVDISOs/package/libexif-0.6.16/libexif/exif-content.c: LGPL, LGPL v2+
/usr/space/DebianSourceDVDISOs/package/wmressel-0.8/src/wmgeneral/list.c: 'GPL v2'-style
/usr/space/DebianSourceDVDISOs/package/xoscope-1.12/realfft.c: GPL v2
/usr/space/DebianSourceDVDISOs/package/mgcv-1.4-1/src/qp.c: GPL, GPL v2+
/usr/space/DebianSourceDVDISOs/package/xfaces-3.3/pop_check.c: 'Network Computing Devices 1993'-style
/usr/space/DebianSourceDVDISOs/package/pxlib-0.6.3/src/px_misc.c: None
/usr/space/DebianSourceDVDISOs/package/videogen-0.32/args.c: GPL v2
/usr/space/DebianSourceDVDISOs/package/python-tcpwrap-0.2/pytcpwrap.c: 'LGPL GNU C Library'-style
/usr/space/DebianSourceDVDISOs/package/csound-5.08.0.dfsg2/Opcodes/sndwarp.c: 'LGPL GNU C Library'-style
/usr/space/DebianSourceDVDISOs/package/mailfilter-0.8.1/src/md5c.c: RSA-Security
/usr/space/DebianSourceDVDISOs/package/dropbear-0.51/libtomcrypt/src/misc/crypt/crypt_prng_is_valid.c: None
/usr/space/DebianSourceDVDISOs/package/cgilib-0.6/aux.c: 'GPL v2'-style
/usr/space/DebianSourceDVDISOs/package/python-biggles-1.6.4/src/libplot/libplot.c: 'GPL v2'-style
/usr/space/DebianSourceDVDISOs/package/pperl-0.25/pass_fd.c: None
/usr/space/DebianSourceDVDISOs/package/freeradius-2.0.4+dfsg/src/modules/rlm_acctlog/rlm_acctlog.c: GPL v2
/usr/space/DebianSourceDVDISOs/package/gnome-inm-forecast-0.6.1/src/callbacks.c: 'GPL v2'-style
/usr/space/DebianSourceDVDISOs/package/liwc-1.20/ccmtcnvt.c: None
/usr/space/DebianSourceDVDISOs/package/lopster-1.2.2/src/mtypes.c: GPL
/usr/space/DebianSourceDVDISOs/package/geomview-1.9.4/src/bin/geomutil/clip/clip.c: LGPL, LGPL v2+
/usr/space/DebianSourceDVDISOs/package/fl-cow-0.6/symcfg.c: 'GPL v2'-style
/usr/space/DebianSourceDVDISOs/package/rdist-6.1.5/src/rdistd.c: 'BSD UCRegents'-style
/usr/space/DebianSourceDVDISOs/package/libxml-java-0.9.9/source/org/jfree/xmlns/parser/XmlDocumentInfo.java: 'LGPL GNU C Library'-style
/usr/space/DebianSourceDVDISOs/package/quicksynergy-0.8/src/callbacks.c: 'GPL v2'-style
/usr/space/DebianSourceDVDISOs/package/cccd-0.3beta4/cccd.c: GPL v2
/usr/space/DebianSourceDVDISOs/package/libitl-0.6.4/hijri/src/umm_alqura.c: None
/usr/space/DebianSourceDVDISOs/package/cryptgps-0.2.1/test/speed_blowfish.c: None
/usr/space/DebianSourceDVDISOs/package/halibut-1.0/charset/fromucs.c: None
/usr/space/DebianSourceDVDISOs/package/mcdp-0.4/mcdp.c: None
/usr/space/DebianSourceDVDISOs/package/help2man-1.36.4/hacklocaledir.c: None
/usr/space/DebianSourceDVDISOs/package/omegat-1.7.3.u2+dfsg/src/org/omegat/filters3/xml/openxml/OpenXMLDialect.java: 'GPL v2'-style
/usr/space/DebianSourceDVDISOs/package/pymilter-0.8.9/miltermodule.c: 'GPL v2'-style
/usr/space/DebianSourceDVDISOs/package/xserver-xorg-video-apm-1.2.0/src/apm_cursor.c: None
/usr/space/DebianSourceDVDISOs/package/libmthca-1.0.5/src/srq.c: GPL v2
/usr/space/DebianSourceDVDISOs/package/pkspxy-0.5/server/postpone.c: None
/usr/space/DebianSourceDVDISOs/package/dmalloc-5.5.1/heap.c: 'MIT'-style
/usr/space/DebianSourceDVDISOs/package/minit-0.10/opendevconsole.c: None
/usr/space/DebianSourceDVDISOs/package/fapg-0.41/fapg.c: 'GPL v2'-style
/usr/space/DebianSourceDVDISOs/package/medit-0.9.2/moo/mooedit/mootextbtree.c: LGPL v2.1
/usr/space/DebianSourceDVDISOs/package/bandwidthd-2.0.1+cvs20071208/extensions.c: None
/usr/space/DebianSourceDVDISOs/package/memtest86-3.4/random.c: None
/usr/space/DebianSourceDVDISOs/package/gff2aplot-2.0/src/ali2gff/ali2gff.c: None
/usr/space/DebianSourceDVDISOs/package/wmifinfo-0.09/xutils.c: 'GPL v2'-style
/usr/space/DebianSourceDVDISOs/package/lineakd-0.9/utils/send_to_keyboard.c: None
/usr/space/DebianSourceDVDISOs/package/mimetex-1.50/gfuntype.c: GPL, GPL v2+, Phrase
/usr/space/DebianSourceDVDISOs/package/fontmatrix-0.4.2/harfbuzz/src/harfbuzz-open.c: None
/usr/space/DebianSourceDVDISOs/package/libart-lgpl-2.3.20/art_render_svp.c: 'LGPL v2.0'-style
/usr/space/DebianSourceDVDISOs/package/pytris-0.98/pytris.c: None
/usr/space/DebianSourceDVDISOs/package/pidgin-libnotify-0.13/src/pidgin-libnotify.c: 'GPL v2'-style
/usr/space/DebianSourceDVDISOs/package/onesixtyone-0.3.2/onesixtyone.c: 'GPL v2'-style
/usr/space/DebianSourceDVDISOs/package/nrg2iso-0.4/nrg2iso.c: LGPL, LGPL v2
/usr/space/DebianSourceDVDISOs/package/icecc-0.9.1/daemon/environment.cpp: 'GPL v2'-style
/usr/space/DebianSourceDVDISOs/package/xfce4-cpugraph-plugin-0.3/panel-plugin/os.c: None
/usr/space/DebianSourceDVDISOs/package/libdc1394-1.1.0/libdc1394/dc1394_control.c: 'LGPL GNU C Library'-style
/usr/space/DebianSourceDVDISOs/package/tpm-tools-1.3.1/src/tpm_mgmt/tpm_ownable.c: Common Public License
/usr/space/DebianSourceDVDISOs/package/gpe-su-0.19/gpe-su.c: 'GPL from FSF'-style
/usr/space/DebianSourceDVDISOs/package/libnet-dns-perl-0.63/netdns.c: 'BSD new'-style, 'CWI'-style, Internet Software Consortium
/usr/space/DebianSourceDVDISOs/package/wmf-1.0.5/src/date.c: None
/usr/space/DebianSourceDVDISOs/package/hlbr-1.6/tests/test_udp_content.c: None
/usr/space/DebianSourceDVDISOs/package/libapache2-mod-geoip-1.1.8/mod_geoip.c: 'Apache Software License v1.1'-style
/usr/space/DebianSourceDVDISOs/package/mp3gain-1.4.6/mp3gain.c: 'LGPL GNU C Library'-style, Phrase
/usr/space/DebianSourceDVDISOs/package/gpe-tetris-0.6.4/highscore.c: None
/usr/space/DebianSourceDVDISOs/package/gpe-clock-0.25/clock.c: 'GPL from FSF'-style
/usr/space/DebianSourceDVDISOs/package/libsemanage-2.0.25/src/users_base_file.c: None
/usr/space/DebianSourceDVDISOs/package/malaga-7.12/malaga_files.c: None
/usr/space/DebianSourceDVDISOs/package/madplay-0.15.2b/intl/printf-parse.c: LGPL, LGPL v2+
/usr/space/DebianSourceDVDISOs/package/tsclient-0.150/src/main.c: None
/usr/space/DebianSourceDVDISOs/package/gnome-games-2.22.3/gnometris/field.cpp: 'GPL v2'-style
/usr/space/DebianSourceDVDISOs/package/wav2cdr-2.3.3/mygetopt.c: GPL v2+
/usr/space/DebianSourceDVDISOs/package/gnome-settings-daemon-2.22.2.1/plugins/media-keys/actions/acme-volume-dummy.c: LGPL, LGPL v2+
/usr/space/DebianSourceDVDISOs/package/vgacardgames-1.3.1/mouse.c: None
/usr/space/DebianSourceDVDISOs/package/osmo-0.2.2/src/options_prefs.c: 'GPL v2'-style
/usr/space/DebianSourceDVDISOs/package/libtrash-2.4/src/unlink.c: 'GPL v2'-style
/usr/space/DebianSourceDVDISOs/package/homebank-3.8/src/xml.c: 'GPL v2'-style
/usr/space/DebianSourceDVDISOs/package/lsmbox-2.1.0/intl/localename.c: LGPL, LGPL v2+
/usr/space/DebianSourceDVDISOs/package/ngrep-1.45.ds2/ngrep.c: None
/usr/space/DebianSourceDVDISOs/package/alsaplayer-0.99.80/libalsaplayer/message.c: GPL, GPL v3+
/usr/space/DebianSourceDVDISOs/package/bug-buddy-2.22.0+dfsg/src/bugzilla.c: GPL, GPL v2
/usr/space/DebianSourceDVDISOs/package/libmemcache-1.4.0.rc2/test/unit/check_buffer.c: None
/usr/space/DebianSourceDVDISOs/package/unhtml-2.3.9/ops.c: None
/usr/space/DebianSourceDVDISOs/package/latrine-0.10.1/src/screen.c: 'GPL v2'-style
/usr/space/DebianSourceDVDISOs/package/netstat-nat-1.4.9/netstat-nat.c: 'GPL v2'-style
/usr/space/DebianSourceDVDISOs/package/chemtool-1.6.11/intl/vasnprintf.c: LGPL, LGPL v2+
/usr/space/DebianSourceDVDISOs/package/libmusicbrainz-ruby-0.3.0/musicbrainz.c: None
/usr/space/DebianSourceDVDISOs/package/testdisk-6.9/src/file_psd.c: 'GPL v2'-style
/usr/space/DebianSourceDVDISOs/package/gupnp-av-0.2.1/libgupnp-av/gvalue-util.c: 'LGPL v2.0'-style
/usr/space/DebianSourceDVDISOs/package/flip-1.20/flip.c: None
/usr/space/DebianSourceDVDISOs/package/ettercap-0.7.3/utils/etterfilter/ef_tables.c: 'GPL v2'-style
/usr/space/DebianSourceDVDISOs/package/docker-1.4/net.c: None
/usr/space/DebianSourceDVDISOs/package/libntlm-0.3.13/lib/des.c: GPL, LGPL, LGPL v2.1+
/usr/space/DebianSourceDVDISOs/package/nstx-1.1-beta6/nstx_tuntap.c: None
/usr/space/DebianSourceDVDISOs/package/guifications-2.14/src/gf_utils.c: 'GPL v2'-style
/usr/space/DebianSourceDVDISOs/package/bittwist-1.0/src/bittwiste.c: 'GPL v2'-style
/usr/space/DebianSourceDVDISOs/package/itcl3.1-3.1.0/itcl/generic/itcl_class.c: None
/usr/space/DebianSourceDVDISOs/package/ddns3-client-1.8/auth.c: None
/usr/space/DebianSourceDVDISOs/package/frox-0.7.18/src/ntp.c: 'GPL v2'-style
/usr/space/DebianSourceDVDISOs/package/opensync-0.22/opensync/opensync_change.c: 'LGPL GNU C Library'-style
/usr/space/DebianSourceDVDISOs/package/alsa-utils-1.0.16/amixer/amixer.c: 'GPL v2'-style
/usr/space/DebianSourceDVDISOs/package/pyode-1.2.0/ode_notrimesh.c: None
/usr/space/DebianSourceDVDISOs/package/audacious-1.5.1/src/audacious/intl/dcgettext.c: LGPL, LGPL v2+
/usr/space/DebianSourceDVDISOs/package/unixodbc-2.2.11/Drivers/template/SQLColumns.c: None
/usr/space/DebianSourceDVDISOs/package/pathological-1.1.3/write-highscores.c: 'GPL v2'-style
/usr/space/DebianSourceDVDISOs/package/jpegpixi-1.1.1/file.c: 'GPL v2'-style
/usr/space/DebianSourceDVDISOs/package/liblrdf-0.4.0/src/lrdf_multi.c: None
/usr/space/DebianSourceDVDISOs/package/pound-2.4.3/pound.c: 'GPL v3'-style
/usr/space/DebianSourceDVDISOs/package/adplug-2.0.1/src/dfm.cpp: 'LGPL GNU C Library'-style
/usr/space/DebianSourceDVDISOs/package/yiyantang-0.7.0/src/zhconv.c: 'GPL v2'-style
/usr/space/DebianSourceDVDISOs/package/libetpan-0.54/src/low-level/imap/acl_parser.c: 'INRIA-OSL'-style
/usr/space/DebianSourceDVDISOs/package/jargs-1.0.0/src/jargs/examples/gnu/AutoHelpParser.java: None
/usr/space/DebianSourceDVDISOs/package/netkit-tftp-0.17/tftp/tftp.c: 'BSD UCRegents'-style
/usr/space/DebianSourceDVDISOs/package/p3nfs-5.19/server/mp_main.c: None
/usr/space/DebianSourceDVDISOs/package/openct-0.6.14/src/ct/mainloop.c: None
/usr/space/DebianSourceDVDISOs/package/uptimed-0.3.12/libuptimed/urec.c: GPL, GPL v2
/usr/space/DebianSourceDVDISOs/package/libmimedir-gnome-0.4.2/mimedir/mimedir-vcard.c: 'LGPL GNU C Library'-style
/usr/space/DebianSourceDVDISOs/package/welcome2l-3.04/main.c: GPL v2
/usr/space/DebianSourceDVDISOs/package/mga-vid-2.6.24/upstream/mga_vid_test.c: GPL
/usr/space/DebianSourceDVDISOs/package/translate-toolkit-1.1.1/translate/misc/_csv.c: None
/usr/space/DebianSourceDVDISOs/package/newpki-server-2.0.0+rc1/src/AsynchMsgs.cpp: GPL, GPL v2
/usr/space/DebianSourceDVDISOs/package/ots-0.5.0/src/wordlist.c: GPL, GPL v2+, LGPL
/usr/space/DebianSourceDVDISOs/package/bluefish-1.0.7/src/project.c: GPL v2
/usr/space/DebianSourceDVDISOs/package/icepick-0.01/langtools/src/share/classes/com/sun/source/tree/EmptyStatementTree.java: GPL v2
/usr/space/DebianSourceDVDISOs/package/pslib-0.4.1/src/hash_functions.c: GPL, LGPL, LGPL v2+
/usr/space/DebianSourceDVDISOs/package/xzgv-0.9+svn40/src/getopt1.c: LGPL, LGPL v2+
/usr/space/DebianSourceDVDISOs/package/libssh2-0.18/src/packet.c: 'INRIA-OSL'-style
/usr/space/DebianSourceDVDISOs/package/libferret-ruby-0.11.6/ext/fs_store.c: None
/usr/space/DebianSourceDVDISOs/package/wm2-4/Main.C: None
/usr/space/DebianSourceDVDISOs/package/jwhois-4.0/src/cache.c: GPL, GPL v3+
/usr/space/DebianSourceDVDISOs/package/libgnomecups-0.2.3/libgnomecups/gnome-cups-util.c: None
/usr/space/DebianSourceDVDISOs/package/pinentry-0.7.5/qt/secqlineedit.cpp: 'GPL v2'-style, GPL, GPL v2, Phrase
/usr/space/DebianSourceDVDISOs/package/awffull-3.8.2/src/options.c: 'GPL from FSF'-style, 'GPL v2'-style
/usr/space/DebianSourceDVDISOs/package/gtkatlantic-0.4.2/src/game.c: 'GPL v2'-style
/usr/space/DebianSourceDVDISOs/package/liblaf-plugin-java-0.2/org/jvnet/lafplugin/LafComponentPlugin.java: None
/usr/space/DebianSourceDVDISOs/package/python-geoip-1.2.1/py_GeoIP.c: GPL, GPL v2+
/usr/space/DebianSourceDVDISOs/package/xserver-xorg-input-elographics-1.2.1/src/xf86Elo.c: 'MIT'-style
/usr/space/DebianSourceDVDISOs/package/bcron-0.09/chdir.c: None
/usr/space/DebianSourceDVDISOs/package/neon26-0.26.4/src/ne_alloc.c: 'LGPL v2.0'-style
/usr/space/DebianSourceDVDISOs/package/gmime2.2-2.2.22/gmime/gmime-gpg-context.c: LGPL, LGPL v2.1+
/usr/space/DebianSourceDVDISOs/package/aatv-0.3/src/grabber.c: GPL v2
/usr/space/DebianSourceDVDISOs/package/autossh-1.4b/autossh.c: 'BSD As-Is clause'-style
/usr/space/DebianSourceDVDISOs/package/recode-3.6/src/hash.c: 'GPL v2'-style
/usr/space/DebianSourceDVDISOs/package/findutils-4.4.0/gnulib/lib/regex.c: GPL, GPL v3+
/usr/space/DebianSourceDVDISOs/package/xmahjongg-3.7/liblcdf/clp.c: None
/usr/space/DebianSourceDVDISOs/package/texlive-lang-2007.dfsg.4/texmf-dist/doc/generic/t2/etc/t2filter.c: None
/usr/space/DebianSourceDVDISOs/package/tennix-0.6.1/sound.c: GPL v2
/usr/space/DebianSourceDVDISOs/package/happydigger-3.2/src/callbacks_fileselectiondialog.c: GPL, GPL v2+, LGPL
/usr/space/DebianSourceDVDISOs/package/lua-rings-1.2.2/src/rings.c: None
/usr/space/DebianSourceDVDISOs/package/libopengl-ruby-0.32f/rbogl.c: None
/usr/space/DebianSourceDVDISOs/package/restartd-0.2.2/main.c: 'GPL v2'-style
/usr/space/DebianSourceDVDISOs/package/kdetv-0.8.9/kdetv/libkdetv/videowidgetimpl.cpp: LGPL, LGPL v2+
/usr/space/DebianSourceDVDISOs/package/python-crypto-2.0.1+dfsg1/src/DES3.c: None
/usr/space/DebianSourceDVDISOs/package/nat-1.0/system.c: GPL v2
/usr/space/DebianSourceDVDISOs/package/audacity-1.3.5/lib-src/libnyquist/nyqsrc/sound.c: None
/usr/space/DebianSourceDVDISOs/package/micro-proxy-20021030+debian/micro_proxy.c: 'Cryptix'-style
/usr/space/DebianSourceDVDISOs/package/videolink-1.2.5/link_iterator.cpp: None
/usr/space/DebianSourceDVDISOs/package/linux-ntfs-2.0.0/ntfsprogs/ntfscmp.c: 'GPL v2'-style
/usr/space/DebianSourceDVDISOs/package/flobopuyo-0.20/corona.cpp: GPL
/usr/space/DebianSourceDVDISOs/package/flasm-1.62/util.c: None
/usr/space/DebianSourceDVDISOs/package/robustbase-0.2-8/src/qn_sn.c: 'GPL v2'-style
/usr/space/DebianSourceDVDISOs/package/kunststoff-2.0.2/src/com/incors/plaf/kunststoff/KunststoffListUI.java: LGPL
/usr/space/DebianSourceDVDISOs/package/acpidump-20071116/madt/madt.c: None
/usr/space/DebianSourceDVDISOs/package/scgi-1.12/apache2/mod_scgi.c: None
/usr/space/DebianSourceDVDISOs/package/paul-0.1.1.1/src/shrink.c: None
/usr/space/DebianSourceDVDISOs/package/metapixel-1.0.2/vector.c: GPL v2
/usr/space/DebianSourceDVDISOs/package/matroxset-0.4/matroxset.c: None
/usr/space/DebianSourceDVDISOs/package/cdebootstrap-0.5.4/src/execute.c: 'GPL v2'-style
/usr/space/DebianSourceDVDISOs/package/xsensors-0.50/src/chips.c: GPL v2
/usr/space/DebianSourceDVDISOs/package/xbacklight-1.1/xbacklight.c: 'MIT'-style
/usr/space/DebianSourceDVDISOs/package/balder2d-1.0/src/SFont/SFont.c: 'GPL v2'-style
/usr/space/DebianSourceDVDISOs/package/ecasound2.2-2.4.6.1/libecasound/audiofx_ladspa.cpp: 'GPL v2'-style
/usr/space/DebianSourceDVDISOs/package/ocaml-libvirt-0.4.4.1/libvirt/libvirt_c.c: LGPL, LGPL v2+
/usr/space/DebianSourceDVDISOs/package/gtkpbbuttons-0.6.9/src/layout_classic.c: GPL from FSF
/usr/space/DebianSourceDVDISOs/package/gtkdiskfree-1.9.3/intl/cat-compat.c: 'GPL v2'-style
/usr/space/DebianSourceDVDISOs/package/hyphen-2.4/csutil.c: None
